// Jest Snapshot v1, https://goo.gl/fbAQLP

exports[`Testing <GifGridItem /> Render 1`] = `
<div
  className="card animate__animated animate__fadeIn"
>
  <img
    alt="Un titulo"
    src="https://localhost.com"
  />
  <p>
    Un titulo
  </p>
</div>
`;
